root@otssTestServer:/home/lx/git/stands-mysql# vagrant destroy -f; vagrant up
==> slave: Forcing shutdown of VM...
==> slave: Destroying VM and associated drives...
==> master: Forcing shutdown of VM...
==> master: Destroying VM and associated drives...
Bringing machine 'master' up with 'virtualbox' provider...
Bringing machine 'slave' up with 'virtualbox' provider...
==> master: Importing base box 'centos/7'...
==> master: Matching MAC address for NAT networking...
==> master: Checking if box 'centos/7' version '2004.01' is up to date...
==> master: Setting the name of the VM: stands-mysql_master_1671209429887_84725
==> master: Clearing any previously set network interfaces...
==> master: Preparing network interfaces based on configuration...
    master: Adapter 1: nat
    master: Adapter 2: hostonly
==> master: Forwarding ports...
    master: 22 (guest) => 2222 (host) (adapter 1)
==> master: Running 'pre-boot' VM customizations...
==> master: Booting VM...
==> master: Waiting for machine to boot. This may take a few minutes...
    master: SSH address: 127.0.0.1:2222
    master: SSH username: vagrant
    master: SSH auth method: private key
    master:
    master: Vagrant insecure key detected. Vagrant will automatically replace
    master: this with a newly generated keypair for better security.
    master:
    master: Inserting generated public key within guest...
    master: Removing insecure key from the guest if it's present...
    master: Key inserted! Disconnecting and reconnecting using new SSH key...
==> master: Machine booted and ready!
==> master: Checking for guest additions in VM...
    master: No guest additions were detected on the base box for this VM! Guest
    master: additions are required for forwarded ports, shared folders, host only
    master: networking, and more. If SSH fails on this machine, please install
    master: the guest additions and repackage the box to continue.
    master:
    master: This is not an error message; everything may continue to work properly,
    master: in which case you may ignore this message.
==> master: Setting hostname...
==> master: Configuring and enabling network interfaces...
==> master: Rsyncing folder: /home/lx/git/stands-mysql/ => /vagrant
==> master: Running provisioner: ansible...
Vagrant gathered an unknown Ansible version:

ansible [core 2.11.7]
  config file = /home/lx/git/stands-mysql/ansible.cfg
  configured module search path = ['/root/.ansible/plugins/modules', '/usr/share/ansible/plugins/modules']
  ansible python module location = /usr/local/lib/python3.6/dist-packages/ansible
  ansible collection location = /root/.ansible/collections:/usr/share/ansible/collections
  executable location = /usr/local/bin/ansible
  python version = 3.6.9 (default, Nov 25 2022, 14:10:45) [GCC 8.4.0]
  jinja version = 3.0.3
  libyaml = True

and falls back on the compatibility mode '1.8'.

Alternatively, the compatibility mode can be specified in your Vagrantfile:
https://www.vagrantup.com/docs/provisioning/ansible_common.html#compatibility_mode

    master: Running ansible-playbook...
[DEPRECATION WARNING]: Ansible will require Python 3.8 or newer on the
controller starting with Ansible 2.12. Current version: 3.6.9 (default, Nov 25
2022, 14:10:45) [GCC 8.4.0]. This feature will be removed from ansible-core in
version 2.12. Deprecation warnings can be disabled by setting
deprecation_warnings=False in ansible.cfg.

PLAY [all] *********************************************************************

TASK [Gathering Facts] *********************************************************
ok: [master]

TASK [install repo percona] ****************************************************
changed: [master]

TASK [install percona server] **************************************************
changed: [master]

TASK [copy config file] ********************************************************
changed: [master] => (item=02-max-connections.cnf)
changed: [master] => (item=03-performance.cnf)
changed: [master] => (item=04-slow-query.cnf)
changed: [master] => (item=05-binlog.cnf)

TASK [copy 01-base.cnf] ********************************************************
changed: [master]

TASK [replication ignore on slave] *********************************************
skipping: [master]

TASK [start mysql] *************************************************************
changed: [master]

TASK [find mysql password] *****************************************************
changed: [master]

TASK [update expired root user password] ***************************************
changed: [master]

PLAY [master] ******************************************************************

TASK [Gathering Facts] *********************************************************
ok: [master]

TASK [Create new databases with name bet] **************************************
changed: [master]

TASK [Restore database] ********************************************************
changed: [master]

TASK [create repl user] ********************************************************
changed: [master]

TASK [GRANT REPLICATION SLAVE] *************************************************
changed: [master]

TASK [dump database] ***********************************************************
changed: [master]

TASK [Copy dump] ***************************************************************
changed: [master]
[WARNING]: Could not match supplied host pattern, ignoring: slave

PLAY [slave] *******************************************************************
skipping: no hosts matched

PLAY RECAP *********************************************************************
master                     : ok=15   changed=13   unreachable=0    failed=0    skipped=1    rescued=0    ignored=0

==> slave: Importing base box 'centos/7'...
==> slave: Matching MAC address for NAT networking...
==> slave: Checking if box 'centos/7' version '2004.01' is up to date...
==> slave: Setting the name of the VM: stands-mysql_slave_1671209545087_53294
==> slave: Fixed port collision for 22 => 2222. Now on port 2200.
==> slave: Clearing any previously set network interfaces...
==> slave: Preparing network interfaces based on configuration...
    slave: Adapter 1: nat
    slave: Adapter 2: hostonly
==> slave: Forwarding ports...
    slave: 22 (guest) => 2200 (host) (adapter 1)
==> slave: Running 'pre-boot' VM customizations...
==> slave: Booting VM...
==> slave: Waiting for machine to boot. This may take a few minutes...
    slave: SSH address: 127.0.0.1:2200
    slave: SSH username: vagrant
    slave: SSH auth method: private key
    slave:
    slave: Vagrant insecure key detected. Vagrant will automatically replace
    slave: this with a newly generated keypair for better security.
    slave:
    slave: Inserting generated public key within guest...
    slave: Removing insecure key from the guest if it's present...
    slave: Key inserted! Disconnecting and reconnecting using new SSH key...
==> slave: Machine booted and ready!
==> slave: Checking for guest additions in VM...
    slave: No guest additions were detected on the base box for this VM! Guest
    slave: additions are required for forwarded ports, shared folders, host only
    slave: networking, and more. If SSH fails on this machine, please install
    slave: the guest additions and repackage the box to continue.
    slave:
    slave: This is not an error message; everything may continue to work properly,
    slave: in which case you may ignore this message.
==> slave: Setting hostname...
==> slave: Configuring and enabling network interfaces...
==> slave: Rsyncing folder: /home/lx/git/stands-mysql/ => /vagrant
==> slave: Running provisioner: ansible...
Vagrant gathered an unknown Ansible version:

ansible [core 2.11.7]
  config file = /home/lx/git/stands-mysql/ansible.cfg
  configured module search path = ['/root/.ansible/plugins/modules', '/usr/share/ansible/plugins/modules']
  ansible python module location = /usr/local/lib/python3.6/dist-packages/ansible
  ansible collection location = /root/.ansible/collections:/usr/share/ansible/collections
  executable location = /usr/local/bin/ansible
  python version = 3.6.9 (default, Nov 25 2022, 14:10:45) [GCC 8.4.0]
  jinja version = 3.0.3
  libyaml = True

and falls back on the compatibility mode '1.8'.

Alternatively, the compatibility mode can be specified in your Vagrantfile:
https://www.vagrantup.com/docs/provisioning/ansible_common.html#compatibility_mode

    slave: Running ansible-playbook...
[DEPRECATION WARNING]: Ansible will require Python 3.8 or newer on the
controller starting with Ansible 2.12. Current version: 3.6.9 (default, Nov 25
2022, 14:10:45) [GCC 8.4.0]. This feature will be removed from ansible-core in
version 2.12. Deprecation warnings can be disabled by setting
deprecation_warnings=False in ansible.cfg.

PLAY [all] *********************************************************************

TASK [Gathering Facts] *********************************************************
ok: [slave]

TASK [install repo percona] ****************************************************
changed: [slave]

TASK [install percona server] **************************************************
changed: [slave]

TASK [copy config file] ********************************************************
changed: [slave] => (item=02-max-connections.cnf)
changed: [slave] => (item=03-performance.cnf)
changed: [slave] => (item=04-slow-query.cnf)
changed: [slave] => (item=05-binlog.cnf)

TASK [copy 01-base.cnf] ********************************************************
changed: [slave]

TASK [replication ignore on slave] *********************************************
changed: [slave]

TASK [start mysql] *************************************************************
changed: [slave]

TASK [find mysql password] *****************************************************
changed: [slave]

TASK [update expired root user password] ***************************************
changed: [slave]

PLAY [master] ******************************************************************
skipping: no hosts matched

PLAY [slave] *******************************************************************

TASK [Gathering Facts] *********************************************************
ok: [slave]

TASK [Restore database] ********************************************************
changed: [slave]

TASK [enable gtid_mode=ON] *****************************************************
changed: [slave]

TASK [Change primary] **********************************************************
changed: [slave]

TASK [Start MariaDB replica with connection name primary-1] ********************
changed: [slave]

PLAY RECAP *********************************************************************
slave                      : ok=14   changed=12   unreachable=0    failed=0    skipped=0    rescued=0    ignored=0

root@otssTestServer:/home/lx/git/stands-mysql# vagrant ssh master
[root@master ~]# mysql -p'Otus-Linux2019' -D bet -e "INSERT INTO bookmaker (id, bookmaker_name) VALUES('1','1xbet')";
mysql: [Warning] Using a password on the command line interface can be insecure.
[root@master ~]#

root@otssTestServer:/home/lx/git/stands-mysql# vagrant ssh slave
Last login: Fri Dec 16 16:04:51 2022 from 10.0.2.2
[vagrant@slave ~]$ sudo -i
[root@slave ~]# mysql -uroot -pOtus-Linux2019
mysql: [ERROR] Found option without preceding group in config file /etc/my.cnf.d/05-binlog.cnf at line 2!
mysql: [Warning] Using a password on the command line interface can be insecure.
Welcome to the MySQL monitor.  Commands end with ; or \g.
Your MySQL connection id is 13
Server version: 5.7.40-43-log Percona Server (GPL), Release 43, Revision c1b94a6cfd7

Copyright (c) 2009-2022 Percona LLC and/or its affiliates
Copyright (c) 2000, 2022, Oracle and/or its affiliates.

Oracle is a registered trademark of Oracle Corporation and/or its
affiliates. Other names may be trademarks of their respective
owners.

Type 'help;' or '\h' for help. Type '\c' to clear the current input statement.

mysql> SHOW SLAVE STATUS\G;
*************************** 1. row ***************************
               Slave_IO_State: Waiting for master to send event
                  Master_Host: 192.168.11.150
                  Master_User: repl
                  Master_Port: 3306
                Connect_Retry: 60
              Master_Log_File: mysql-bin.000002
          Read_Master_Log_Pos: 119775
               Relay_Log_File: slave-relay-bin.000002
                Relay_Log_Pos: 414
        Relay_Master_Log_File: mysql-bin.000002
             Slave_IO_Running: Yes
            Slave_SQL_Running: Yes
              Replicate_Do_DB:
          Replicate_Ignore_DB:
           Replicate_Do_Table:
       Replicate_Ignore_Table:
      Replicate_Wild_Do_Table:
  Replicate_Wild_Ignore_Table:
                   Last_Errno: 0
                   Last_Error:
                 Skip_Counter: 0
          Exec_Master_Log_Pos: 119775
              Relay_Log_Space: 621
              Until_Condition: None
               Until_Log_File:
                Until_Log_Pos: 0
           Master_SSL_Allowed: No
           Master_SSL_CA_File:
           Master_SSL_CA_Path:
              Master_SSL_Cert:
            Master_SSL_Cipher:
               Master_SSL_Key:
        Seconds_Behind_Master: 0
Master_SSL_Verify_Server_Cert: No
                Last_IO_Errno: 0
                Last_IO_Error:
               Last_SQL_Errno: 0
               Last_SQL_Error:
  Replicate_Ignore_Server_Ids:
             Master_Server_Id: 1
                  Master_UUID: 08d25f42-7d5b-11ed-a982-5254004d77d3
             Master_Info_File: /var/lib/mysql/master.info
                    SQL_Delay: 0
          SQL_Remaining_Delay: NULL
      Slave_SQL_Running_State: Slave has read all relay log; waiting for more updates
           Master_Retry_Count: 86400
                  Master_Bind:
      Last_IO_Error_Timestamp:
     Last_SQL_Error_Timestamp:
               Master_SSL_Crl:
           Master_SSL_Crlpath:
           Retrieved_Gtid_Set:
            Executed_Gtid_Set: 08d25f42-7d5b-11ed-a982-5254004d77d3:1-40
                Auto_Position: 1
         Replicate_Rewrite_DB:
                 Channel_Name:
           Master_TLS_Version:
1 row in set (0.00 sec)

ERROR:
No query specified

mysql> SELECT * FROM bookmaker;
ERROR 1046 (3D000): No database selected
mysql> use bet;
Reading table information for completion of table and column names
You can turn off this feature to get a quicker startup with -A

Database changed
mysql> SELECT * FROM bookmaker;
+----+----------------+
| id | bookmaker_name |
+----+----------------+
|  1 | 1xbet          |
|  4 | betway         |
|  5 | bwin           |
|  6 | ladbrokes      |
|  3 | unibet         |
+----+----------------+
5 rows in set (0.04 sec)